node.exe : FAIL test/integration.e2e-spec.ts
At line:1 char:1
+ & "C:\Program Files\nodejs/node.exe" "C:\Program Files\nodejs/node_mo ...
+ ~~~~~~~~~~~~~~~~~~~~~~~~~~~~~~~~~~~~~~~~~~~~~~~~~~~~~~~~~~~~~~~~~~~~~
    + CategoryInfo          : NotSpecified: (FAIL test/integration.e2e-spec.ts:String) [], RemoteException
    + FullyQualifiedErrorId : NativeCommandError
 
  Integration Tests (e2e) cho 5 chức năng
    √ 1. AddProduct: Admin có thể thêm sản phẩm mới (24 ms)
    √ 2. UpdateProduct: Admin có thể cập nhật thông tin sản phẩm (13 ms)
    × 3. SearchProducts: Tìm kiếm trả về kết quả chính xác (30 ms)
    × 4. CreateOrder: User có thể tạo đơn hàng mua sản phẩm (42 ms)
    √ 5. DeleteProduct: Xóa mềm sản phẩm đã có đơn hàng (21 ms)

  ● Integration Tests (e2e) cho 5 chức năng › 3. SearchProducts: Tìm kiếm trả về kết quả chính xác

    expect(received).toBeGreaterThanOrEqual(expected)

    Matcher error: received value must be a number or bigint

    Received has value: undefined

    [0m [90m 100 |[39m       
     [90m 101 |[39m     expect(res[33m.[39mstatus)[33m.[39mtoBe([35m200[39m)[33m;[39m
    [31m[1m>[22m[39m[90m 102 |[39m     
expect(res[33m.[39mbody[33m.[39mlength)[33m.[39mtoBeGreaterThanOrEqual([35m1[39m)[33m;[39m
     [90m     |[39m                             [31m[1m^[22m[39m
     [90m 103 |[39m     
     [90m 104 |[39m     [36mconst[39m foundProduct [33m=[39m res[33m.[39mbody[33m.[39mfind((p[33m:[39m 
any) [33m=>[39m p[33m.[39mid [33m===[39m createdProductId)[33m;[39m
     [90m 105 |[39m     expect(foundProduct)[33m.[39mtoBeDefined()[33m;[39m[0m

      at Object.<anonymous> (integration.e2e-spec.ts:102:29)

  ● Integration Tests (e2e) cho 5 chức năng › 4. CreateOrder: User có thể tạo đơn hàng mua sản phẩm

    expect(received).toBe(expected) // Object.is equality

    Expected: 240000
    Received: 260000

    [0m [90m 125 |[39m     expect(res[33m.[39mstatus)[33m.[39mtoBe([35m201[39m)[33m;[39m
     [90m 126 |[39m     expect(res[33m.[39mbody[33m.[39mid)[33m.[39mtoBeDefined()[33m;[39m
    [31m[1m>[22m[39m[90m 127 |[39m     
expect(res[33m.[39mbody[33m.[39mtotalAmount)[33m.[39mtoBe([35m120000[39m [33m*[39m [35m2[39m)[33m;[39m 
[90m// 2 sản phẩm * 120k[39m
     [90m     |[39m                                  [31m[1m^[22m[39m
     [90m 128 |[39m     orderId [33m=[39m res[33m.[39mbody[33m.[39mid[33m;[39m
     [90m 129 |[39m   })[33m;[39m
     [90m 130 |[39m[0m

      at Object.<anonymous> (integration.e2e-spec.ts:127:34)

Test Suites: 1 failed, 1 total
Tests:       2 failed, 3 passed, 5 total
Snapshots:   0 total
Time:        2.511 s, estimated 5 s
Ran all test suites matching test/integration.e2e-spec.ts.
Jest did not exit one second after the test run has completed.

'This usually means that there are asynchronous operations that weren't stopped in your tests. Consider running Jest 
with `--detectOpenHandles` to troubleshoot this issue.
[31m[Nest] 26664  - [39m19/05/2026, 13:27:38 [31m  ERROR[39m [38;5;3m[MailService] [39m[31mFailed to send email 
to user@example.com[39m
